C51 COMPILER V9.60.7.0   BTN                                                               09/07/2023 16:20:56 PAGE 1   


C51 COMPILER V9.60.7.0, COMPILATION OF MODULE BTN
OBJECT MODULE PLACED IN .\Objects\btn.obj
COMPILER INVOKED BY: G:\Keil_v5_c51v961\C51\BIN\C51.EXE src\btn.c OPTIMIZE(8,SPEED) INCDIR(.\src;.\system) PRINT(.\Listi
                    -ngs\btn.lst) TABS(2) OBJECT(.\Objects\btn.obj)

line level    source

   1          #include "btn.h"
   2          
   3          void btnInit() {
   4   1          P3M0 &= ~0x08; P3M1 |= 0x08; // 设置 P3.3 为高阻输入
   5   1          // P3M0 &= ~0x08; P3M1 &= ~0x08; // 设置 P3.3 为准双向口
   6   1      }
   7          
   8          
   9          u8 btnIsPressed(void) {
  10   1          if (BTN == 0) {
  11   2              delayMs(5); // 消抖
  12   2              if (BTN == 0) return 1;
  13   2              else return 0;
  14   2          } else {
  15   2              return 0;
  16   2          }
  17   1      }
  18          


MODULE INFORMATION:   STATIC OVERLAYABLE
   CODE SIZE        =     33    ----
   CONSTANT SIZE    =   ----    ----
   XDATA SIZE       =   ----    ----
   PDATA SIZE       =   ----    ----
   DATA SIZE        =   ----    ----
   IDATA SIZE       =   ----    ----
   BIT SIZE         =   ----    ----
END OF MODULE INFORMATION.


C51 COMPILATION COMPLETE.  0 WARNING(S),  0 ERROR(S)
