C51 COMPILER V9.60.7.0   DELAY                                                             09/05/2023 13:46:49 PAGE 1   


C51 COMPILER V9.60.7.0, COMPILATION OF MODULE DELAY
OBJECT MODULE PLACED IN .\Objects\delay.obj
COMPILER INVOKED BY: G:\Keil_v5_c51v961\C51\BIN\C51.EXE src\delay.c OPTIMIZE(8,SPEED) INCDIR(.\src;.\system) PRINT(.\Lis
                    -tings\delay.lst) TABS(2) OBJECT(.\Objects\delay.obj)

line level    source

   1          #include "delay.h"
   2          #include "intrins.h"  
   3          
   4          /*--------------------------------------------------------------
   5          一般 51 单片机 1机器周期 = 12时钟周期
   6          时钟频率为 12MHz, 则 1机器周期 = 12*1/12MHz = 1us
   7          即一个  _nop_() 耗时 1us                   
   8          --------------------------------------------------------------*/
   9          void delayMs(u32 ms)
  10          {
  11   1        u32 i;
  12   1        while(ms--)
  13   1        {
  14   2          for(i=0;i<250;i++)
  15   2          {
  16   3            _nop_();
  17   3            _nop_();
  18   3            _nop_();
  19   3            _nop_();
  20   3            
  21   3          } 
  22   2        }
  23   1      }
  24          
  25          
  26          void delayUs(u32 us)
  27          {
  28   1        while(us--)
  29   1        {
  30   2          _nop_();
  31   2        }
  32   1      }
  33          
  34          void delayS(u32 s)
  35          {
  36   1        while (s--)
  37   1        {
  38   2          delayMs(1000);
  39   2        }
  40   1      }
  41          


MODULE INFORMATION:   STATIC OVERLAYABLE
   CODE SIZE        =    138    ----
   CONSTANT SIZE    =   ----    ----
   XDATA SIZE       =   ----    ----
   PDATA SIZE       =   ----    ----
   DATA SIZE        =   ----      16
   IDATA SIZE       =   ----    ----
   BIT SIZE         =   ----    ----
END OF MODULE INFORMATION.


C51 COMPILATION COMPLETE.  0 WARNING(S),  0 ERROR(S)
